loading 0.6B (sdpa)...
Warning: You are sending unauthenticated requests to the HF Hub. Please set a HF_TOKEN to enable higher rate limits and faster downloads.
Downloading 0.6B model weights...
Creating model...
Loading pretrained weights...

engine build wall: 91.7 s

--- torch.compile phase timers (cumulative seconds) ---
TorchDynamo compilation metrics:
Function, Runtimes (s)
_compile.compile_inner, 2.1782, 1.8039, 1.6508, 2.7492, 2.6626, 2.7766, 2.6367, 3.3134, 2.8347
compile_attempt_0, 2.0891, 1.7136, 1.5600, 2.6480, 2.5601, 2.6720, 2.5290, 3.1934, 2.7128
bytecode_tracing, 1.1885, 1.3638, 1.3239, 2.3097, 2.2903, 2.2530, 2.2758, 2.5131, 2.4463
OutputGraph.call_user_compiler, 0.8422, 0.2915, 0.1783, 0.2716, 0.2028, 0.3522, 0.1856, 0.6126, 0.1985
inductor_codecache_torch_key, 0.0402
_recursive_pre_grad_passes, 0.0104, 0.0073, 0.0074, 0.0078, 0.0077, 0.0078, 0.0078, 0.0078, 0.0078
AOTAutogradCache.inductor_load, 0.1899, 0.1564, 0.0516, 0.1290, 0.0673, 0.2063, 0.0521, 0.1275, 0.0564
TritonBundler.read_and_emit, 0.0006, 0.0003, 0.0003, 0.0005, 0.0003, 0.0004, 0.0003, 0.0005, 0.0004
TritonBundler.load_cached_static_autotuners, 0.0002, 0.0001, 0.0001, 0.0002, 0.0001, 0.0002, 0.0001, 0.0002, 0.0002
PyCodeCache.load_by_key_path, 0.1868, 0.1537, 0.0489, 0.1254, 0.0645, 0.2029, 0.0493, 0.1237, 0.0526
StaticAutotunerFuture.warm_precompile, 0.0005, 0.0004, 0.0003, 0.0003, 0.0003, 0.0003, 0.0002, 0.0002, 0.0002, 0.0001, 0.0001, 0.0001, 0.0001, 0.0004, 0.0002, 0.0002, 0.0004, 0.0002, 0.0002, 0.0002, 0.0001, 0.0001, 0.0001, 0.0001, 0.0001, 0.0001, 0.0005, 0.0002, 0.0001, 0.0002, 0.0002, 0.0001, 0.0001, 0.0001, 0.0001, 0.0001, 0.0001, 0.0001, 0.0001, 0.0006, 0.0003, 0.0002, 0.0003, 0.0003, 0.0003, 0.0002, 0.0002, 0.0001, 0.0001, 0.0001, 0.0001, 0.0001, 0.0005, 0.0002, 0.0002, 0.0003, 0.0002, 0.0001, 0.0002, 0.0001, 0.0001, 0.0001, 0.0001, 0.0001, 0.0001, 0.0006, 0.0003, 0.0002, 0.0003, 0.0003, 0.0003, 0.0003, 0.0001, 0.0001, 0.0001, 0.0001, 0.0001, 0.0001, 0.0006, 0.0003, 0.0003, 0.0005, 0.0002, 0.0001, 0.0001, 0.0001, 0.0001, 0.0001, 0.0001, 0.0001, 0.0001, 0.0007, 0.0003, 0.0002, 0.0003, 0.0002, 0.0003, 0.0002, 0.0002, 0.0001, 0.0001, 0.0001, 0.0001, 0.0003, 0.0004, 0.0002, 0.0003, 0.0002, 0.0002, 0.0001, 0.0001, 0.0001, 0.0001, 0.0001, 0.0001, 0.0001, 0.0001
CachingAutotuner.synchronize, 0.0001, 0.0000, 0.0000, 0.0000, 0.0001, 0.0001, 0.0000, 0.0000, 0.0000, 0.0000, 0.0000, 0.0000, 0.0000, 0.0000, 0.0000, 0.0000, 0.0001, 0.0000, 0.0000, 0.0000, 0.0002, 0.0000, 0.0000, 0.0000, 0.0000, 0.0000, 0.0000, 0.0000, 0.0000, 0.0000, 0.0000, 0.0000, 0.0001, 0.0000, 0.0000, 0.0000, 0.0003, 0.0000, 0.0000, 0.0000, 0.0000, 0.0000, 0.0000, 0.0000, 0.0000, 0.0000, 0.0000, 0.0000, 0.0001, 0.0000, 0.0000, 0.0000, 0.0001, 0.0000, 0.0000, 0.0000, 0.0000, 0.0000, 0.0000, 0.0000, 0.0000, 0.0000, 0.0000, 0.0000, 0.0001, 0.0000, 0.0000, 0.0000, 0.0001, 0.0000, 0.0001, 0.0000, 0.0000, 0.0000, 0.0000, 0.0000, 0.0000, 0.0000, 0.0000, 0.0000, 0.0001, 0.0000, 0.0000, 0.0000, 0.0001, 0.0000, 0.0001, 0.0000, 0.0000, 0.0001, 0.0000, 0.0000, 0.0000, 0.0000, 0.0000, 0.0000, 0.0001, 0.0000, 0.0000, 0.0000, 0.0002, 0.0000, 0.0000, 0.0000, 0.0000, 0.0000, 0.0000, 0.0000, 0.0000, 0.0000, 0.0000, 0.0000, 0.0001, 0.0000, 0.0000, 0.0000, 0.0003, 0.0001, 0.0000, 0.0000, 0.0000, 0.0000, 0.0000, 0.0000, 0.0000, 0.0000, 0.0000, 0.0000, 0.0001, 0.0000, 0.0000, 0.0000, 0.0000, 0.0000, 0.0000, 0.0000, 0.0000, 0.0000, 0.0000, 0.0000, 0.0000, 0.0000, 0.0000, 0.0000
async_compile.precompile, 0.0855, 0.0025, 0.0703
async_compile.wait, 0.0005, 0.1296, 0.0249, 0.0994, 0.0391, 0.1784, 0.0249, 0.0956, 0.0264
build_guards, 0.0847, 0.0853, 0.0853, 0.0910, 0.0920, 0.0941, 0.0972, 0.1054, 0.1069
gc, 0.0001, 0.0002, 0.0002, 0.0004, 0.0005, 0.0003, 0.0001, 0.0003, 0.0003
pgo.dynamic_whitelist, 0.0000, 0.0001, 0.0000, 0.0001, 0.0000, 0.0001, 0.0001, 0.0001
--- counters[inductor] ---
  async_compile_cache_hit: 261
  async_compile_cache_miss: 432
  extern_calls: 8325
  fxgraph_cache_hit: 9
  triton_bundler_load_static_autotuner: 117
--- counters[aot_autograd] ---
  autograd_cache_hit: 9
  ok: 9
  total: 9
--- counters[stats] ---
  calls_captured: 23232
  unique_graphs: 9
